
╔═══════════════════════════════════════════════╗
║   📄 PDF Upload & Convert Server Running!    ║
╚═══════════════════════════════════════════════╝

🌐 Server URL: http://localhost:3000
📁 Upload folder: /Users/juliantheuma/Code/pdfjs/pdf.js/fittxly/uploads
🖼️  Feature: Auto-convert PDFs to PNG images

Ready to accept PDF uploads and convert them!
  
📄 Uploaded file name: testSearches.pdf
📁 Saved as: testSearches.pdf
📊 File size: 9620.40 KB
📍 Saved to: uploads/testSearches.pdf
---
🔄 Starting conversion of: uploads/testSearches.pdf
📄 PDF has 28 pages
  Processing page 1/28...
  Processing page 2/28...
  Processing page 3/28...
  Processing page 4/28...
  Processing page 5/28...
  Processing page 6/28...
  Processing page 7/28...
  Processing page 8/28...
  Processing page 9/28...
  Processing page 10/28...
  Processing page 11/28...
  Processing page 12/28...
  Processing page 13/28...
  Processing page 14/28...
  Processing page 15/28...
  Processing page 16/28...
  Processing page 17/28...
  Processing page 18/28...
  Processing page 19/28...
  Processing page 20/28...
  Processing page 21/28...
  Processing page 22/28...
  Processing page 23/28...
  Processing page 24/28...
  Processing page 25/28...
  Processing page 26/28...
  Processing page 27/28...
  Processing page 28/28...
✅ Conversion complete! Created 28 images in: /Users/juliantheuma/Code/pdfjs/pdf.js/fittxly/uploads/testSearches_images
